<?xml version="1.0" encoding="UTF-8"?>
<map:map xmlns:map="http://www.indy.com/v2/map" id="_LTjUcN2GEe-sz8-nFYhyiQ" internalVersion="8" tech="resource.tech#_waYSMH8VEd2__Mzb_dB76A?fileId=_waYSMH8VEd2__Mzb_dB76A$type=tech$name=flow?">
  <datastore id="_NQvZ4N2GEe-sz8-nFYhyiQ" alias="sd_person" dataset="_NQ8OMN2GEe-sz8-nFYhyiQ" fieldSelectorEnabled="true" ref="resource.md#_xC2E8N1-Ee-sz8-nFYhyiQ?fileId=_bY1PkN1-Ee-sz8-nFYhyiQ$type=md$name=sd_person?" subExpression="[A]" synchronized="true">
    <field id="_NQzEQ92GEe-sz8-nFYhyiQ" inView="false" name="b_error_status" ref="resource.md#_xC2FHd1-Ee-sz8-nFYhyiQ?fileId=_bY1PkN1-Ee-sz8-nFYhyiQ$type=md$name=b_error_status?">
      <expression id="_OPycEt2GEe-sz8-nFYhyiQ" setDescriptorRef="_OPycEd2GEe-sz8-nFYhyiQ"/>
    </field>
    <field id="_NQ3Vut2GEe-sz8-nFYhyiQ" inView="false" name="addcountry" ref="resource.md#_xC2GYd1-Ee-sz8-nFYhyiQ?fileId=_bY1PkN1-Ee-sz8-nFYhyiQ$type=md$name=addcountry?">
      <expression id="_OPycE92GEe-sz8-nFYhyiQ" setDescriptorRef="_OPycEd2GEe-sz8-nFYhyiQ"/>
    </field>
    <field id="_NQ2Hld2GEe-sz8-nFYhyiQ" inView="false" name="cleansed_email" ref="resource.md#_xC2F_t1-Ee-sz8-nFYhyiQ?fileId=_bY1PkN1-Ee-sz8-nFYhyiQ$type=md$name=cleansed_email?">
      <expression id="_OPycFN2GEe-sz8-nFYhyiQ" setDescriptorRef="_OPycEd2GEe-sz8-nFYhyiQ"/>
    </field>
    <field id="_NQ05c92GEe-sz8-nFYhyiQ" inView="false" name="b_creator" ref="resource.md#_xC2Fd91-Ee-sz8-nFYhyiQ?fileId=_bY1PkN1-Ee-sz8-nFYhyiQ$type=md$name=b_creator?">
      <expression id="_OPycFd2GEe-sz8-nFYhyiQ" setDescriptorRef="_OPycEd2GEe-sz8-nFYhyiQ"/>
    </field>
    <field id="_NQ2Hkt2GEe-sz8-nFYhyiQ" inView="false" name="normalized_city" ref="resource.md#_xC2F491-Ee-sz8-nFYhyiQ?fileId=_bY1PkN1-Ee-sz8-nFYhyiQ$type=md$name=normalized_city?">
      <expression id="_OPycFt2GEe-sz8-nFYhyiQ" setDescriptorRef="_OPycEd2GEe-sz8-nFYhyiQ"/>
    </field>
    <field id="_NQ2Hk92GEe-sz8-nFYhyiQ" inView="false" name="normalized_state" ref="resource.md#_xC2F7N1-Ee-sz8-nFYhyiQ?fileId=_bY1PkN1-Ee-sz8-nFYhyiQ$type=md$name=normalized_state?">
      <expression id="_OPycF92GEe-sz8-nFYhyiQ" setDescriptorRef="_OPycEd2GEe-sz8-nFYhyiQ"/>
    </field>
    <field id="_NQ3Vst2GEe-sz8-nFYhyiQ" inView="false" name="standardized_phone" ref="resource.md#_xC2GGd1-Ee-sz8-nFYhyiQ?fileId=_bY1PkN1-Ee-sz8-nFYhyiQ$type=md$name=standardized_phone?">
      <expression id="_OPycGN2GEe-sz8-nFYhyiQ" setDescriptorRef="_OPycEd2GEe-sz8-nFYhyiQ"/>
    </field>
    <field id="_NQ2Hkd2GEe-sz8-nFYhyiQ" inView="false" name="normalized_street" ref="resource.md#_xC2F2t1-Ee-sz8-nFYhyiQ?fileId=_bY1PkN1-Ee-sz8-nFYhyiQ$type=md$name=normalized_street?">
      <expression id="_OPycGd2GEe-sz8-nFYhyiQ" setDescriptorRef="_OPycEd2GEe-sz8-nFYhyiQ"/>
    </field>
    <field id="_NQ1giN2GEe-sz8-nFYhyiQ" inView="false" name="member_id" ref="resource.md#_xC2FyN1-Ee-sz8-nFYhyiQ?fileId=_bY1PkN1-Ee-sz8-nFYhyiQ$type=md$name=member_id?">
      <expression id="_OPycGt2GEe-sz8-nFYhyiQ" setDescriptorRef="_OPycEd2GEe-sz8-nFYhyiQ"/>
    </field>
    <field id="_NQ3Vud2GEe-sz8-nFYhyiQ" inView="false" name="addpostal_code" ref="resource.md#_xC2GWN1-Ee-sz8-nFYhyiQ?fileId=_bY1PkN1-Ee-sz8-nFYhyiQ$type=md$name=addpostal_code?">
      <expression id="_OPycG92GEe-sz8-nFYhyiQ" setDescriptorRef="_OPycEd2GEe-sz8-nFYhyiQ"/>
    </field>
    <field id="_NQ1gh92GEe-sz8-nFYhyiQ" enable="true" insert="true" name="nickname" ref="resource.md#_xC2Fv91-Ee-sz8-nFYhyiQ?fileId=_bY1PkN1-Ee-sz8-nFYhyiQ$type=md$name=nickname?" update="true">
      <expression id="_OPycHN2GEe-sz8-nFYhyiQ" setDescriptorRef="_OPycEd2GEe-sz8-nFYhyiQ">
        <expression>loadperson.nickname</expression>
      </expression>
    </field>
    <field id="_NQ3Vt92GEe-sz8-nFYhyiQ" inView="false" name="addcity" ref="resource.md#_xC2GRt1-Ee-sz8-nFYhyiQ?fileId=_bY1PkN1-Ee-sz8-nFYhyiQ$type=md$name=addcity?">
      <expression id="_OPycHd2GEe-sz8-nFYhyiQ" setDescriptorRef="_OPycEd2GEe-sz8-nFYhyiQ"/>
    </field>
    <field id="_NQzrUd2GEe-sz8-nFYhyiQ" inView="false" name="b_operationid" ref="resource.md#_xC2FL91-Ee-sz8-nFYhyiQ?fileId=_bY1PkN1-Ee-sz8-nFYhyiQ$type=md$name=b_operationid?">
      <expression id="_OPycHt2GEe-sz8-nFYhyiQ" setDescriptorRef="_OPycEd2GEe-sz8-nFYhyiQ"/>
    </field>
    <field id="_NQ0SYt2GEe-sz8-nFYhyiQ" inView="false" name="b_deleteauthor" ref="resource.md#_xC2FSt1-Ee-sz8-nFYhyiQ?fileId=_bY1PkN1-Ee-sz8-nFYhyiQ$type=md$name=b_deleteauthor?">
      <expression id="_OPycH92GEe-sz8-nFYhyiQ" setDescriptorRef="_OPycEd2GEe-sz8-nFYhyiQ"/>
    </field>
    <field id="_NQ05cd2GEe-sz8-nFYhyiQ" inView="false" name="b_credate" ref="resource.md#_xC2FZd1-Ee-sz8-nFYhyiQ?fileId=_bY1PkN1-Ee-sz8-nFYhyiQ$type=md$name=b_credate?">
      <expression id="_OPycIN2GEe-sz8-nFYhyiQ" setDescriptorRef="_OPycEd2GEe-sz8-nFYhyiQ"/>
    </field>
    <field id="_NQ3VtN2GEe-sz8-nFYhyiQ" inView="false" name="value_status" ref="resource.md#_xC2GK91-Ee-sz8-nFYhyiQ?fileId=_bY1PkN1-Ee-sz8-nFYhyiQ$type=md$name=value_status?">
      <expression id="_OPycId2GEe-sz8-nFYhyiQ" setDescriptorRef="_OPycEd2GEe-sz8-nFYhyiQ"/>
    </field>
    <field id="_NQ1ghd2GEe-sz8-nFYhyiQ" inView="false" name="normalized_first_name" ref="resource.md#_xC2Frd1-Ee-sz8-nFYhyiQ?fileId=_bY1PkN1-Ee-sz8-nFYhyiQ$type=md$name=normalized_first_name?">
      <expression id="_OPycIt2GEe-sz8-nFYhyiQ" setDescriptorRef="_OPycEd2GEe-sz8-nFYhyiQ"/>
    </field>
    <field id="_NQ3VsN2GEe-sz8-nFYhyiQ" inView="false" name="valid_email_domain" ref="resource.md#_xC2GB91-Ee-sz8-nFYhyiQ?fileId=_bY1PkN1-Ee-sz8-nFYhyiQ$type=md$name=valid_email_domain?">
      <expression id="_OPycI92GEe-sz8-nFYhyiQ" setDescriptorRef="_OPycEd2GEe-sz8-nFYhyiQ"/>
    </field>
    <field id="_NQzrUN2GEe-sz8-nFYhyiQ" inView="false" name="b_originalbatchid" ref="resource.md#_xC2FJt1-Ee-sz8-nFYhyiQ?fileId=_bY1PkN1-Ee-sz8-nFYhyiQ$type=md$name=b_originalbatchid?">
      <expression id="_OPycJN2GEe-sz8-nFYhyiQ" setDescriptorRef="_OPycEd2GEe-sz8-nFYhyiQ"/>
    </field>
    <field id="_NQ0SYN2GEe-sz8-nFYhyiQ" inView="false" name="b_deletetype" ref="resource.md#_xC2FON1-Ee-sz8-nFYhyiQ?fileId=_bY1PkN1-Ee-sz8-nFYhyiQ$type=md$name=b_deletetype?">
      <expression id="_OPycJd2GEe-sz8-nFYhyiQ" setDescriptorRef="_OPycEd2GEe-sz8-nFYhyiQ"/>
    </field>
    <field id="_NQ0SY92GEe-sz8-nFYhyiQ" inView="false" name="b_deleteoperation" ref="resource.md#_xC2FU91-Ee-sz8-nFYhyiQ?fileId=_bY1PkN1-Ee-sz8-nFYhyiQ$type=md$name=b_deleteoperation?">
      <expression id="_OPycJt2GEe-sz8-nFYhyiQ" setDescriptorRef="_OPycEd2GEe-sz8-nFYhyiQ"/>
    </field>
    <field id="_NQ1ggt2GEe-sz8-nFYhyiQ" enable="true" insert="true" name="last_name" ref="resource.md#_xC2Fkt1-Ee-sz8-nFYhyiQ?fileId=_bY1PkN1-Ee-sz8-nFYhyiQ$type=md$name=last_name?" update="true">
      <expression id="_OPycJ92GEe-sz8-nFYhyiQ" setDescriptorRef="_OPycEd2GEe-sz8-nFYhyiQ">
        <expression>loadperson.lastname</expression>
      </expression>
    </field>
    <field id="_NQ3VuN2GEe-sz8-nFYhyiQ" inView="false" name="addstate" ref="resource.md#_xC2GT91-Ee-sz8-nFYhyiQ?fileId=_bY1PkN1-Ee-sz8-nFYhyiQ$type=md$name=addstate?">
      <expression id="_OPycKN2GEe-sz8-nFYhyiQ" setDescriptorRef="_OPycEd2GEe-sz8-nFYhyiQ"/>
    </field>
    <field id="_NQ2HlN2GEe-sz8-nFYhyiQ" enable="true" insert="true" name="source_email" ref="resource.md#_xC2F9d1-Ee-sz8-nFYhyiQ?fileId=_bY1PkN1-Ee-sz8-nFYhyiQ$type=md$name=source_email?" update="true">
      <expression id="_OPycKd2GEe-sz8-nFYhyiQ" setDescriptorRef="_OPycEd2GEe-sz8-nFYhyiQ">
        <expression>loadperson.sourceemail</expression>
      </expression>
    </field>
    <field id="_NQzEQN2GEe-sz8-nFYhyiQ" enable="true" insert="true" name="b_pubid" ref="resource.md#_xC2FAt1-Ee-sz8-nFYhyiQ?fileId=_bY1PkN1-Ee-sz8-nFYhyiQ$type=md$name=b_pubid?" update="true" updateKey="true">
      <expression id="_OPycKt2GEe-sz8-nFYhyiQ" setDescriptorRef="_OPycEd2GEe-sz8-nFYhyiQ">
        <expression>'CRM'</expression>
      </expression>
    </field>
    <field id="_NQydMd2GEe-sz8-nFYhyiQ" enable="true" insert="true" name="b_loadid" ref="resource.md#_xC2E-d1-Ee-sz8-nFYhyiQ?fileId=_bY1PkN1-Ee-sz8-nFYhyiQ$type=md$name=b_loadid?" update="true" updateKey="true">
      <expression id="_OPycEN2GEe-sz8-nFYhyiQ" setDescriptorRef="_OPycEd2GEe-sz8-nFYhyiQ">
        <expression>38</expression>
      </expression>
    </field>
    <field id="_NQ1ggN2GEe-sz8-nFYhyiQ" inView="false" name="b_updator" ref="resource.md#_xC2FgN1-Ee-sz8-nFYhyiQ?fileId=_bY1PkN1-Ee-sz8-nFYhyiQ$type=md$name=b_updator?">
      <expression id="_OPycK92GEe-sz8-nFYhyiQ" setDescriptorRef="_OPycEd2GEe-sz8-nFYhyiQ"/>
    </field>
    <field id="_NQ1ght2GEe-sz8-nFYhyiQ" inView="false" name="normalized_last_name" ref="resource.md#_xC2Ftt1-Ee-sz8-nFYhyiQ?fileId=_bY1PkN1-Ee-sz8-nFYhyiQ$type=md$name=normalized_last_name?">
      <expression id="_OPycLN2GEe-sz8-nFYhyiQ" setDescriptorRef="_OPycEd2GEe-sz8-nFYhyiQ"/>
    </field>
    <field id="_NQ1gg92GEe-sz8-nFYhyiQ" inView="false" name="phonetic_first_name" ref="resource.md#_xC2Fm91-Ee-sz8-nFYhyiQ?fileId=_bY1PkN1-Ee-sz8-nFYhyiQ$type=md$name=phonetic_first_name?">
      <expression id="_OPycLd2GEe-sz8-nFYhyiQ" setDescriptorRef="_OPycEd2GEe-sz8-nFYhyiQ"/>
    </field>
    <field id="_NQ05cN2GEe-sz8-nFYhyiQ" inView="false" name="b_deletepath" ref="resource.md#_xC2FXN1-Ee-sz8-nFYhyiQ?fileId=_bY1PkN1-Ee-sz8-nFYhyiQ$type=md$name=b_deletepath?">
      <expression id="_OPycLt2GEe-sz8-nFYhyiQ" setDescriptorRef="_OPycEd2GEe-sz8-nFYhyiQ"/>
    </field>
    <field id="_NQzEQt2GEe-sz8-nFYhyiQ" enable="true" insert="true" name="b_classname" ref="resource.md#_xC2FFN1-Ee-sz8-nFYhyiQ?fileId=_bY1PkN1-Ee-sz8-nFYhyiQ$type=md$name=b_classname?" update="true">
      <expression id="_OPycL92GEe-sz8-nFYhyiQ" setDescriptorRef="_OPycEd2GEe-sz8-nFYhyiQ">
        <expression>'Person'</expression>
      </expression>
    </field>
    <field id="_NQ3Vtd2GEe-sz8-nFYhyiQ" enable="true" insert="true" name="person_type" ref="resource.md#_xC2GNN1-Ee-sz8-nFYhyiQ?fileId=_bY1PkN1-Ee-sz8-nFYhyiQ$type=md$name=person_type?" update="true">
      <expression id="_OPycMN2GEe-sz8-nFYhyiQ" setDescriptorRef="_OPycEd2GEe-sz8-nFYhyiQ">
        <expression>loadperson.persontype</expression>
      </expression>
    </field>
    <field id="_NQ1ggd2GEe-sz8-nFYhyiQ" enable="true" insert="true" name="first_name" ref="resource.md#_xC2Fid1-Ee-sz8-nFYhyiQ?fileId=_bY1PkN1-Ee-sz8-nFYhyiQ$type=md$name=first_name?" update="true">
      <expression id="_OPycMd2GEe-sz8-nFYhyiQ" setDescriptorRef="_OPycEd2GEe-sz8-nFYhyiQ">
        <expression>loadperson.firstname</expression>
      </expression>
    </field>
    <field id="_NQ3Vsd2GEe-sz8-nFYhyiQ" inView="false" name="source_phone" ref="resource.md#_xC2GEN1-Ee-sz8-nFYhyiQ?fileId=_bY1PkN1-Ee-sz8-nFYhyiQ$type=md$name=source_phone?">
      <expression id="_OPycMt2GEe-sz8-nFYhyiQ" setDescriptorRef="_OPycEd2GEe-sz8-nFYhyiQ"/>
    </field>
    <field id="_NQ05ct2GEe-sz8-nFYhyiQ" inView="false" name="b_upddate" ref="resource.md#_xC2Fbt1-Ee-sz8-nFYhyiQ?fileId=_bY1PkN1-Ee-sz8-nFYhyiQ$type=md$name=b_upddate?">
      <expression id="_OPycM92GEe-sz8-nFYhyiQ" setDescriptorRef="_OPycEd2GEe-sz8-nFYhyiQ"/>
    </field>
    <field id="_NQ3Vs92GEe-sz8-nFYhyiQ" inView="false" name="phone_geocoding_data" ref="resource.md#_xC2GIt1-Ee-sz8-nFYhyiQ?fileId=_bY1PkN1-Ee-sz8-nFYhyiQ$type=md$name=phone_geocoding_data?">
      <expression id="_OPycNN2GEe-sz8-nFYhyiQ" setDescriptorRef="_OPycEd2GEe-sz8-nFYhyiQ"/>
    </field>
    <field id="_NQ3Vtt2GEe-sz8-nFYhyiQ" inView="false" name="addstreet" ref="resource.md#_xC2GPd1-Ee-sz8-nFYhyiQ?fileId=_bY1PkN1-Ee-sz8-nFYhyiQ$type=md$name=addstreet?">
      <expression id="_OPycNd2GEe-sz8-nFYhyiQ" setDescriptorRef="_OPycEd2GEe-sz8-nFYhyiQ"/>
    </field>
    <field id="_NQ1ghN2GEe-sz8-nFYhyiQ" inView="false" name="phonetic_last_name" ref="resource.md#_xC2FpN1-Ee-sz8-nFYhyiQ?fileId=_bY1PkN1-Ee-sz8-nFYhyiQ$type=md$name=phonetic_last_name?">
      <expression id="_OPycNt2GEe-sz8-nFYhyiQ" setDescriptorRef="_OPycEd2GEe-sz8-nFYhyiQ"/>
    </field>
    <field id="_NQ2HkN2GEe-sz8-nFYhyiQ" inView="false" name="date_of_birth" ref="resource.md#_xC2F0d1-Ee-sz8-nFYhyiQ?fileId=_bY1PkN1-Ee-sz8-nFYhyiQ$type=md$name=date_of_birth?">
      <expression id="_OPycN92GEe-sz8-nFYhyiQ" setDescriptorRef="_OPycEd2GEe-sz8-nFYhyiQ"/>
    </field>
    <field id="_NQ0SYd2GEe-sz8-nFYhyiQ" inView="false" name="b_deletedate" ref="resource.md#_xC2FQd1-Ee-sz8-nFYhyiQ?fileId=_bY1PkN1-Ee-sz8-nFYhyiQ$type=md$name=b_deletedate?">
      <expression id="_OPycON2GEe-sz8-nFYhyiQ" setDescriptorRef="_OPycEd2GEe-sz8-nFYhyiQ"/>
    </field>
    <field id="_NQzEQd2GEe-sz8-nFYhyiQ" enable="true" insert="true" name="b_sourceid" ref="resource.md#_xC2FC91-Ee-sz8-nFYhyiQ?fileId=_bY1PkN1-Ee-sz8-nFYhyiQ$type=md$name=b_sourceid?" update="true" updateKey="true">
      <expression id="_OPycOd2GEe-sz8-nFYhyiQ" setDescriptorRef="_OPycEd2GEe-sz8-nFYhyiQ">
        <expression>loadperson.sourceid</expression>
      </expression>
    </field>
    <constraint id="_NQ5x8N2GEe-sz8-nFYhyiQ" name="pksd_person" ref="resource.md#_xC2Gat1-Ee-sz8-nFYhyiQ?fileId=_bY1PkN1-Ee-sz8-nFYhyiQ$type=md$name=pksd_person?" reject="true"/>
    <setDescriptor id="_OPycEd2GEe-sz8-nFYhyiQ" label="A"/>
  </datastore>
  <datastore id="_sojxUN2GEe-sz8-nFYhyiQ" alias="loadperson" dataset="_sop38N2GEe-sz8-nFYhyiQ" ref="resource.md#_nvJIJt2CEe-sz8-nFYhyiQ?fileId=_bY1PkN1-Ee-sz8-nFYhyiQ$type=md$name=loadperson?">
    <field id="_soop092GEe-sz8-nFYhyiQ" fullAlias="nickname" name="nickname" ref="resource.md#_nvJvOd2CEe-sz8-nFYhyiQ?fileId=_bY1PkN1-Ee-sz8-nFYhyiQ$type=md$name=nickname?"/>
    <field id="_soop0N2GEe-sz8-nFYhyiQ" fullAlias="firstname" name="firstname" ref="resource.md#_nvJIKd2CEe-sz8-nFYhyiQ?fileId=_bY1PkN1-Ee-sz8-nFYhyiQ$type=md$name=firstname?"/>
    <field id="_soop0d2GEe-sz8-nFYhyiQ" fullAlias="lastname" name="lastname" ref="resource.md#_nvJIMt2CEe-sz8-nFYhyiQ?fileId=_bY1PkN1-Ee-sz8-nFYhyiQ$type=md$name=lastname?"/>
    <field id="_soop0t2GEe-sz8-nFYhyiQ" fullAlias="sourceemail" name="sourceemail" ref="resource.md#_nvJvMN2CEe-sz8-nFYhyiQ?fileId=_bY1PkN1-Ee-sz8-nFYhyiQ$type=md$name=sourceemail?"/>
    <field id="_soop1d2GEe-sz8-nFYhyiQ" fullAlias="sourceid" name="sourceid" ref="resource.md#_r_dxNt2GEe-sz8-nFYhyiQ?fileId=_bY1PkN1-Ee-sz8-nFYhyiQ$type=md$name=sourceid?"/>
    <field id="_soop1N2GEe-sz8-nFYhyiQ" fullAlias="persontype" name="persontype" ref="resource.md#_nvJvQt2CEe-sz8-nFYhyiQ?fileId=_bY1PkN1-Ee-sz8-nFYhyiQ$type=md$name=persontype?"/>
  </datastore>
  <template id="_OQiqAN2GEe-sz8-nFYhyiQ" name="I_sd_person" process="resource.proc#_dQ2dRp4SEd6bQIkgWyxFQQ?fileId=_dQ2dRp4SEd6bQIkgWyxFQQ$type=proc$name=INTEGRATION%20PostgreSql?" targetId="_NQvZ4N2GEe-sz8-nFYhyiQ"/>
  <dataSet id="_NQ8OMN2GEe-sz8-nFYhyiQ">
    <container>_NQvZ4N2GEe-sz8-nFYhyiQ</container>
  </dataSet>
  <dataSet id="_sop38N2GEe-sz8-nFYhyiQ">
    <container>_sojxUN2GEe-sz8-nFYhyiQ</container>
  </dataSet>
  <hint>
    <usedField>#_soop092GEe-sz8-nFYhyiQ</usedField>
    <usedField>#_soop0N2GEe-sz8-nFYhyiQ</usedField>
    <usedField>#_soop0d2GEe-sz8-nFYhyiQ</usedField>
    <usedField>#_soop0t2GEe-sz8-nFYhyiQ</usedField>
    <usedField>#_soop1d2GEe-sz8-nFYhyiQ</usedField>
    <usedField>#_soop1N2GEe-sz8-nFYhyiQ</usedField>
  </hint>
  <diagram><![CDATA[<?xml version="1.0" encoding="UTF-8"?>
<notation:Diagram xmi:version="2.0" xmlns:xmi="http://www.omg.org/XMI" xmlns:xsi="http://www.w3.org/2001/XMLSchema-instance" xmlns:map="http://www.indy.com/v2/map" xmlns:notation="http://www.eclipse.org/gmf/runtime/1.0.1/notation" xsi:schemaLocation="http://www.eclipse.org/gmf/runtime/1.0.1/notation " xmi:id="_LdCAkN2GEe-sz8-nFYhyiQ" type="Map" measurementUnit="Pixel">
  <children xmi:type="notation:Shape" xmi:id="_NRBGsN2GEe-sz8-nFYhyiQ" type="2004" fontName="Segoe UI">
    <children xmi:type="notation:DecorationNode" xmi:id="_NRBGst2GEe-sz8-nFYhyiQ" type="5005"/>
    <children xmi:type="notation:DecorationNode" xmi:id="_NRBGs92GEe-sz8-nFYhyiQ" type="5007"/>
    <children xmi:type="notation:DecorationNode" xmi:id="_NRBGtN2GEe-sz8-nFYhyiQ" type="7003"/>
    <children xmi:type="notation:DecorationNode" xmi:id="_NRBGtd2GEe-sz8-nFYhyiQ" type="7009"/>
    <children xmi:type="notation:BasicCompartment" xmi:id="_NRBGtt2GEe-sz8-nFYhyiQ" type="7004">
      <styles xmi:type="notation:SortingStyle" xmi:id="_NRBGt92GEe-sz8-nFYhyiQ"/>
      <styles xmi:type="notation:FilteringStyle" xmi:id="_NRBGuN2GEe-sz8-nFYhyiQ"/>
    </children>
    <children xmi:type="notation:DecorationNode" xmi:id="_NRBtwN2GEe-sz8-nFYhyiQ" type="5009">
      <styles xmi:type="notation:DrawerStyle" xmi:id="_NRBtwd2GEe-sz8-nFYhyiQ"/>
    </children>
    <children xmi:type="notation:DecorationNode" xmi:id="_NRBtwt2GEe-sz8-nFYhyiQ" type="7005">
      <styles xmi:type="notation:SortingStyle" xmi:id="_NRBtw92GEe-sz8-nFYhyiQ"/>
      <styles xmi:type="notation:FilteringStyle" xmi:id="_NRBtxN2GEe-sz8-nFYhyiQ"/>
    </children>
    <children xmi:type="notation:BasicCompartment" xmi:id="_NRBtxd2GEe-sz8-nFYhyiQ" type="7007"/>
    <element xmi:type="map:Datastore" href="resource.map#_NQvZ4N2GEe-sz8-nFYhyiQ?fileId=_LTjUcN2GEe-sz8-nFYhyiQ$type=map?"/>
    <layoutConstraint xmi:type="notation:Bounds" xmi:id="_NRBGsd2GEe-sz8-nFYhyiQ" x="441" y="79"/>
  </children>
  <children xmi:type="notation:Shape" xmi:id="_sowloN2GEe-sz8-nFYhyiQ" type="2004" fontName="Segoe UI">
    <children xmi:type="notation:DecorationNode" xmi:id="_soxMsN2GEe-sz8-nFYhyiQ" type="5005"/>
    <children xmi:type="notation:DecorationNode" xmi:id="_soxMsd2GEe-sz8-nFYhyiQ" type="5007"/>
    <children xmi:type="notation:DecorationNode" xmi:id="_soxMst2GEe-sz8-nFYhyiQ" type="7003"/>
    <children xmi:type="notation:DecorationNode" xmi:id="_soxMs92GEe-sz8-nFYhyiQ" type="7009"/>
    <children xmi:type="notation:BasicCompartment" xmi:id="_soxMtN2GEe-sz8-nFYhyiQ" type="7004">
      <styles xmi:type="notation:SortingStyle" xmi:id="_soxMtd2GEe-sz8-nFYhyiQ"/>
      <styles xmi:type="notation:FilteringStyle" xmi:id="_soxMtt2GEe-sz8-nFYhyiQ"/>
    </children>
    <children xmi:type="notation:DecorationNode" xmi:id="_soxMt92GEe-sz8-nFYhyiQ" type="5009">
      <styles xmi:type="notation:DrawerStyle" xmi:id="_soxMuN2GEe-sz8-nFYhyiQ"/>
    </children>
    <children xmi:type="notation:DecorationNode" xmi:id="_soxMud2GEe-sz8-nFYhyiQ" type="7005">
      <styles xmi:type="notation:SortingStyle" xmi:id="_soxMut2GEe-sz8-nFYhyiQ"/>
      <styles xmi:type="notation:FilteringStyle" xmi:id="_soxMu92GEe-sz8-nFYhyiQ"/>
    </children>
    <children xmi:type="notation:BasicCompartment" xmi:id="_soxMvN2GEe-sz8-nFYhyiQ" type="7007"/>
    <element xmi:type="map:Datastore" href="resource.map#_sojxUN2GEe-sz8-nFYhyiQ?fileId=_LTjUcN2GEe-sz8-nFYhyiQ$type=map?"/>
    <layoutConstraint xmi:type="notation:Bounds" xmi:id="_sowlod2GEe-sz8-nFYhyiQ" x="78" y="184"/>
  </children>
  <styles xmi:type="notation:DiagramStyle" xmi:id="_LdCAkd2GEe-sz8-nFYhyiQ"/>
  <element xmi:type="map:Map" href="resource.map#_LTjUcN2GEe-sz8-nFYhyiQ?fileId=_LTjUcN2GEe-sz8-nFYhyiQ$type=map$name=LoadPerson?"/>
  <edges xmi:type="notation:Edge" xmi:id="_thXooN2GEe-sz8-nFYhyiQ" type="targetLink" source="_NRBGsN2GEe-sz8-nFYhyiQ" target="_sowloN2GEe-sz8-nFYhyiQ">
    <element xsi:nil="true"/>
    <bendpoints xmi:type="notation:RelativeBendpoints" xmi:id="_thXood2GEe-sz8-nFYhyiQ" points="[-133, -79, 279, 166]$[-327, -195, 85, 50]"/>
  </edges>
  <edges xmi:type="notation:Edge" xmi:id="_thYPsN2GEe-sz8-nFYhyiQ" type="targetDataSetLink" source="_NRBGsN2GEe-sz8-nFYhyiQ" target="_NRBGsN2GEe-sz8-nFYhyiQ">
    <element xmi:type="map:DataSet" href="resource.map#_sop38N2GEe-sz8-nFYhyiQ?fileId=_LTjUcN2GEe-sz8-nFYhyiQ$type=map?"/>
    <bendpoints xmi:type="notation:RelativeBendpoints" xmi:id="_thYPsd2GEe-sz8-nFYhyiQ" points="[0, 0, 0, 0]$[0, 0, 0, 0]"/>
  </edges>
  <edges xmi:type="notation:Edge" xmi:id="_thYPst2GEe-sz8-nFYhyiQ" type="targetSetLink" source="_NRBGsN2GEe-sz8-nFYhyiQ" target="_NRBGsN2GEe-sz8-nFYhyiQ">
    <element xmi:type="map:SetDescriptor" href="resource.map#_OPycEd2GEe-sz8-nFYhyiQ?fileId=_LTjUcN2GEe-sz8-nFYhyiQ$type=map?"/>
    <bendpoints xmi:type="notation:RelativeBendpoints" xmi:id="_thYPs92GEe-sz8-nFYhyiQ" points="[0, 0, 0, 0]$[0, 0, 0, 0]"/>
  </edges>
</notation:Diagram>
]]></diagram>
</map:map>